---
source: src/main.rs
expression: "render(include_str!(\"../examples/scale.abc\"))"
---
C Major Scale
Key: C
┏━━━━━━━━━━━━━━━━━━━━━━━━━┳━━━━━━━━━━━━━━━━━━━━━━━━━━┓
┣──────────────────────▄▄─╂─▄▄───────────────────────┫
┣────────────────▄▄─⬤──▀▀─╂─▀▀─⬤──▄▄─────────────────┫
┣──────────▄▄─⬤──▀▀───────╂───────▀▀─⬤──▄▄───────────┫
┗━━━━▄▄━⬤━━▀▀━━━━━━━━━━━━━┻━━━━━━━━━━━━━▀▀━⬤━━▄▄━━━━━┛
 ─⬤──▀▀─                                     ─▀▀─⬤──
